To create a local branch that tracks a remote branch. The following command 
will create a local branch named "sultan", tracking the remote branch "origin/sultan". 
When you push your changes the remote branch will be updated.

Source: http://stackoverflow.com/questions/9537392/git-fetch-remote-branch


apollo@EMBERS /some/path/testing
$ git clone git@bitbucket.org:apollotang/pc-home.git
Cloning into 'pc-home'...
remote: Counting objects: 8, done.
remote: Compressing objects: 100% (8/8), done.
remote: Total 8 (delta 1), reused 0 (delta 0)
Receiving objects: 100% (8/8), 6.09 KiB | 0 bytes/s, done.
Resolving deltas: 100% (1/1), done.

apollo@EMBERS /some/path/testing
$ cd pc-home/

apollo@EMBERS /some/path/testing/pc-home (master)
$ gst
# On branch master
nothing to commit, working directory clean

apollo@EMBERS /some/path/testing/pc-home (master)
$ git branch
* master

apollo@EMBERS /some/path/testing/pc-home (master)
$ git remote show origin
* remote origin
  Fetch URL: git@bitbucket.org:apollotang/pc-home.git
  Push  URL: git@bitbucket.org:apollotang/pc-home.git
  HEAD branch: master
  Remote branches:
    master tracked
    sultan tracked
  Local branch configured for 'git pull':
    master merges with remote master
  Local ref configured for 'git push':
    master pushes to master (up to date)
	
apollo@EMBERS /some/path/testing/pc-home (master)
$ git checkout --track origin/sultan
Branch sultan set up to track remote branch sultan from origin.
Switched to a new branch 'sultan'

apollo@EMBERS /some/path/testing/pc-home (sultan)
$

apollo@EMBERS /some/path/testing/pc-home (sultan)
$ git branch
  master
* sultan
	